1 => 1
2 => 2
3 => 6
4 => 12
5 => 60
6 => 60
7 => 420
8 => 840
9 => 2520
10 => 2520
11 => 27720
12 => 27720
13 => 360360
20 => 232792560